#-----------------------------------------------------------
# Vivado v2025.2 (64-bit)
# SW Build 6299465 on Fri Nov 14 19:35:11 GMT 2025
# IP Build 6300035 on Fri Nov 14 10:48:45 MST 2025
# SharedData Build 6298862 on Thu Nov 13 04:50:51 MST 2025
# Start of session at: Tue May 12 14:35:56 2026
# Process ID         : 26000
# Current directory  : C:/Users/Pocol/OneDrive - Technical University of Cluj-Napoca/Desktop/Proiect SCID/PingPong/PingPong.runs/synth_1
# Command line       : vivado.exe -log PingPongGame.vds -product Vivado -mode batch -messageDb vivado.pb -notrace -source PingPongGame.tcl
# Log file           : C:/Users/Pocol/OneDrive - Technical University of Cluj-Napoca/Desktop/Proiect SCID/PingPong/PingPong.runs/synth_1/PingPongGame.vds
# Journal file       : C:/Users/Pocol/OneDrive - Technical University of Cluj-Napoca/Desktop/Proiect SCID/PingPong/PingPong.runs/synth_1\vivado.jou
# Running On         : DESKTOP-PRDI45C
# Platform           : Windows Server 2016 or Windows 10
# Operating System   : 26200
# Processor Detail   : 13th Gen Intel(R) Core(TM) i7-13620H
# CPU Frequency      : 2918 MHz
# CPU Physical cores : 10
# CPU Logical cores  : 16
# Host memory        : 16857 MB
# Swap memory        : 6442 MB
# Total Virtual      : 23300 MB
# Available Virtual  : 10875 MB
#-----------------------------------------------------------
source PingPongGame.tcl -notrace
